HI-TECH Software C Compiler 

Linker command line:

\
  --edf=C:\Program Files (x86)\HI-TECH Software\PICC-18\PRO\9.66\dat\en_msgs.txt \
  -cs -h+dist/default/production\Controlador_USB.X.production.sym -z \
  -Q18F4550 -ol.obj \
  -Mdist/default/production/Controlador_USB.X.production.map -E1 \
  -ACODE=00h-07FFFh -ACONST=00h-07FFFh -ASMALLCONST=0800h-08FFhx120 \
  -AMEDIUMCONST=0800h-07FFFh -ARAM=00h-0FFhx7,0700h-079Fh \
  -ABIGRAM=00h-079Fh -ACOMRAM=00h-05Fh -AABS1=00h-079Fh -ABANK0=00h-0FFh \
  -ABANK1=0100h-01FFh -ABANK2=0200h-02FFh -ABANK3=0300h-03FFh \
  -ABANK4=0400h-04FFh -ABANK5=0500h-05FFh -ABANK6=0600h-06FFh \
  -ABANK7=0700h-079Fh -ANVRAM=0700h-079Fh \
  -preset_vec=00h,intcode,intcodelo,powerup,init,end_init -pramtop=0800h \
  -psmallconst=SMALLCONST -pmediumconst=MEDIUMCONST -pconst=CONST \
  -pparam1=BANK1 -AFARRAM=00h-00h -ACONFIG=0300000h-030000Dh \
  -pconfig=CONFIG -AIDLOC=0200000h-0200007h -pidloc=IDLOC \
  -AEEDATA=0F00000h-0F000FFh -peeprom_data=EEDATA \
  -prdata=COMRAM,nvrram=COMRAM,nvbit=COMRAM,rbss=COMRAM,rbit=COMRAM \
  -pfarbss=FARRAM,fardata=FARRAM \
  -pintsave_regs=BIGRAM,bigbss=BIGRAM,bigdata=BIGRAM -pbss=RAM \
  -pidata=CODE,irdata=CODE,ibigdata=CODE,ifardata=CODE \
  C:\Users\ALEXAN~1\AppData\Local\Temp\s4ks.obj \
  dist/default/production\Controlador_USB.X.production.obj 

Object code version is 3.10

Machine type is 18F4550

Call graph: (short form)

*_main size 0,0 offset 0
     _InitialiseSystem size 0,1 offset 0
         _USBDeviceInit size 0,2 offset 2
             _memset size 6,2 offset 8
*    _USBDeviceTasks size 0,2 offset 0
         _USBWakeFromSuspend size 0,0 offset 2
             _USER_USB_CALLBACK_EVENT_HANDLER size 6,2 offset 8
                 _USBCBInitEP size 0,3 offset 16
                     _USBEnableEndpoint size 2,4 offset 19
                         _USBConfigureEndpoint size 2,5 offset 25
                             ___lwdiv size 4,4 offset 32
                     _USBTransferOnePacket size 5,2 offset 19
                 _USBCBStdSetDscHandler size 0,0 offset 16
                 _USBCBCheckOtherReq size 0,0 offset 16
                     _USBCheckHIDRequest size 0,1 offset 16
                 _USBCB_SOF_Handler size 0,0 offset 16
                 _USBCBSuspend size 0,0 offset 16
                 _USBCBWakeFromSuspend size 0,0 offset 16
                 _USBCBErrorHandler size 0,0 offset 16
         _USBDeviceInit size 0,2 offset 2
         _USBSuspend size 0,0 offset 2
             _USER_USB_CALLBACK_EVENT_HANDLER size 6,2 offset 8
*        _USER_USB_CALLBACK_EVENT_HANDLER size 6,2 offset 8
         _USBStallHandler size 0,0 offset 2
*        _USBCtrlEPService size 0,3 offset 2
*            _USBCtrlTrfSetupHandler size 0,1 offset 5
*                _USBCheckStdRequest size 0,1 offset 6
                     _USBStdGetDscHandler size 0,2 offset 7
*                    _USBStdSetCfgHandler size 0,1 offset 7
                         _memset size 6,2 offset 8
*                        _USER_USB_CALLBACK_EVENT_HANDLER size 6,2 offset 8
                     _USBStdGetStatusHandler size 0,3 offset 7
                     _USBStdFeatureReqHandler size 0,7 offset 7
*                    _USER_USB_CALLBACK_EVENT_HANDLER size 6,2 offset 8
*                _USER_USB_CALLBACK_EVENT_HANDLER size 6,2 offset 8
                 _USBCtrlEPServiceComplete size 0,1 offset 6
                     _USBCtrlTrfTxService size 0,3 offset 7
             _USBCtrlTrfOutHandler size 0,1 offset 5
                 _USBCtrlTrfRxService size 0,3 offset 6
                 _USBPrepareForNextSetupTrf size 0,3 offset 7
             _USBCtrlTrfInHandler size 0,2 offset 5
                 _USBCtrlTrfTxService size 0,3 offset 7
                 _USBPrepareForNextSetupTrf size 0,3 offset 7
     _ProcessIO size 0,5 offset 0
         _USBTransferOnePacket size 5,2 offset 19

Estimated maximum call depth: 7


                Name          Link     Load   Length Selector Space Scale
C:\Users\ALEXAN~1\AppData\Local\Temp\s4ks.obj
                init             0        0       5A       0     0
                end_init        5A       5A       28       0     0
                config      300000   300000        E  300000     0
dist/default/production\Controlador_USB.X.production.obj
                smallcons      800      800       C4     400     0
                idata          8C4      8C4        1     462     0
                text26        23A4     23A4        2     463     0
                text25        2138     2138       74     463     0
                text27        23A2     23A2        2     463     0
                text29        23A0     23A0        2     463     0
                text28        23A8     23A8        2     463     0
                text21        2306     2306       48     463     0
                text20        1AAC     1AAC       FE     463     0
                text22        1F0A     1F0A       9E     463     0
                text24        23A6     23A6        2     463     0
                text23        239A     239A        6     463     0
                text31        19AC     19AC      100     463     0
                text30        2036     2036       86     463     0
                text32         F52      F52      18E     463     0
                text34        1D7E     1D7E       D0     463     0
                text33        1BAA     1BAA       F2     463     0
                text19        1E4E     1E4E       BC     463     0
                text5         226E     226E       50     463     0
                text4         234E     234E       36     463     0
                text6         13EA     13EA      142     463     0
                text8         22BE     22BE       48     463     0
                text7         177C     177C      118     463     0
                text0         2384     2384       16     463     0
                text1          8C6      8C6      2B4     463     0
                text3         221E     221E       50     463     0
                text2         1894     1894      118     463     0
                text15         B7A      B7A      226     463     0
                text14        10E0     10E0      186     463     0
                text16        152C     152C      134     463     0
                text18        1266     1266      184     463     0
                text17         DA0      DA0      1B2     463     0
                text10        1FA8     1FA8       8E     463     0
                text9         21AC     21AC       72     463     0
                text11        1C9C     1C9C       E2     463     0
                text13        1660     1660      11C     463     0
                text12        20BC     20BC       7C     463     0

COMMON          param1         100      100       28     100     1

TOTAL           Name          Link     Load   Length  Space
        CLASS   CODE           
                init             0        0       5A     0
                end_init        5A       5A       28     0
                idata          8C4      8C4        1     0
                text26        23A4     23A4        2     0
                text25        2138     2138       74     0
                text27        23A2     23A2        2     0
                text29        23A0     23A0        2     0
                text28        23A8     23A8        2     0
                text21        2306     2306       48     0
                text20        1AAC     1AAC       FE     0
                text22        1F0A     1F0A       9E     0
                text24        23A6     23A6        2     0
                text23        239A     239A        6     0
                text31        19AC     19AC      100     0
                text30        2036     2036       86     0
                text32         F52      F52      18E     0
                text34        1D7E     1D7E       D0     0
                text33        1BAA     1BAA       F2     0
                text19        1E4E     1E4E       BC     0
                text5         226E     226E       50     0
                text4         234E     234E       36     0
                text6         13EA     13EA      142     0
                text8         22BE     22BE       48     0
                text7         177C     177C      118     0
                text0         2384     2384       16     0
                text1          8C6      8C6      2B4     0
                text3         221E     221E       50     0
                text2         1894     1894      118     0
                text15         B7A      B7A      226     0
                text14        10E0     10E0      186     0
                text16        152C     152C      134     0
                text18        1266     1266      184     0
                text17         DA0      DA0      1B2     0
                text10        1FA8     1FA8       8E     0
                text9         21AC     21AC       72     0
                text11        1C9C     1C9C       E2     0
                text13        1660     1660      11C     0
                text12        20BC     20BC       7C     0

        CLASS   CONST          

        CLASS   SMALLCONST     
                smallcons      800      800       C4     0

        CLASS   MEDIUMCONST    

        CLASS   RAM            

        CLASS   BIGRAM         

        CLASS   COMRAM         

        CLASS   ABS1           
                abs_s1           0        0       33     1
                abs_s1         400      400      100     1
                abs_s1         480      480       88     1
                abs_s1         520      520        8     1
                abs_s1         530      530        3     1
                abs_s1         570      570        3     1

        CLASS   BANK0          

        CLASS   BANK1          
                param1         100      100       28     1

        CLASS   BANK2          

        CLASS   BANK3          

        CLASS   BANK4          

        CLASS   BANK5          

        CLASS   BANK6          

        CLASS   BANK7          

        CLASS   NVRAM          

        CLASS   FARRAM         

        CLASS   CONFIG         
                config      300000   300000        E     0

        CLASS   IDLOC          

        CLASS   EEDATA         



SEGMENTS        Name           Load    Length   Top     Selector    Space Class

                reset_vec       000000  000082  000082         0       0  CODE    
                param1          000100  000028  000128       100       1  BANK1   
                smallconst      000800  0000C4  0008C4       400       0  SMALLCON
                idata           0008C4  000001  0008C5       462       0  CODE    
                irdata          0008C6  001AE4  0023AA       463       0  CODE    
                config          300000  00000E  30000E    300000       0  CONFIG  


UNUSED ADDRESS RANGES

        BANK0            000033-0000FF
        BANK1            000128-0001FF
        BANK2            000200-0002FF
        BANK3            000300-0003FF
        BANK5            000508-00051F
                         000528-00052F
                         000533-00056F
                         000573-0005FF
        BANK6            000600-0006FF
        BANK7            000700-00079F
        BIGRAM           000033-0000FF
                         000128-0003FF
                         000508-00051F
                         000528-00052F
                         000533-00056F
                         000573-00079F
        CODE             000082-0007FF
                         0008C5-0008C5
                         0023AA-007FFF
        COMRAM           000033-00005F
        CONST            000082-0007FF
                         0008C5-0008C5
                         0023AA-007FFF
        EEDATA           F00000-F000FF
        IDLOC            200000-200007
        MEDIUMCONST      0008C5-0008C5
                         0023AA-007FFF
        NVRAM            000700-00079F
        RAM              000033-0000FF
                         000128-0003FF
                         000508-00051F
                         000528-00052F
                         000533-00056F
                         000573-00079F
        SMALLCONST       0008C5-0008C5
                         0023AA-007FFF

                                  Symbol Table

??_InitialiseSystem                      param1       000100
??_ProcessIO                             param1       000100
??_USBCBCheckOtherReq                    param1       000110
??_USBCBErrorHandler                     param1       000110
??_USBCBInitEP                           param1       000110
??_USBCBStdSetDscHandler                 param1       000110
??_USBCBSuspend                          param1       000110
??_USBCBWakeFromSuspend                  param1       000110
??_USBCB_SOF_Handler                     param1       000110
??_USBCheckHIDRequest                    param1       000110
??_USBCheckStdRequest                    param1       000106
??_USBConfigureEndpoint                  param1       00011B
??_USBCtrlEPService                      param1       000102
??_USBCtrlEPServiceComplete              param1       000106
??_USBCtrlTrfInHandler                   param1       000105
??_USBCtrlTrfOutHandler                  param1       000105
??_USBCtrlTrfRxService                   param1       000106
??_USBCtrlTrfSetupHandler                param1       000105
??_USBCtrlTrfTxService                   param1       000107
??_USBDeviceInit                         param1       000102
??_USBDeviceTasks                        param1       000100
??_USBEnableEndpoint                     param1       000115
??_USBPrepareForNextSetupTrf             param1       000107
??_USBStallHandler                       param1       000102
??_USBStdFeatureReqHandler               param1       000107
??_USBStdGetDscHandler                   param1       000107
??_USBStdGetStatusHandler                param1       000107
??_USBStdSetCfgHandler                   param1       000107
??_USBSuspend                            param1       000102
??_USBTransferOnePacket                  param1       000118
??_USBWakeFromSuspend                    param1       000102
??_USER_USB_CALLBACK_EVENT_HANDLER       param1       00010E
??___lwdiv                               param1       000124
??_main                                  param1       000100
??_memset                                param1       00010E
?_InitialiseSystem                       param1       000100
?_ProcessIO                              param1       000100
?_USBCBCheckOtherReq                     param1       000110
?_USBCBErrorHandler                      param1       000110
?_USBCBInitEP                            param1       000110
?_USBCBStdSetDscHandler                  param1       000110
?_USBCBSuspend                           param1       000110
?_USBCBWakeFromSuspend                   param1       000110
?_USBCB_SOF_Handler                      param1       000110
?_USBCheckHIDRequest                     param1       000110
?_USBCheckStdRequest                     param1       000106
?_USBConfigureEndpoint                   param1       000119
?_USBCtrlEPService                       param1       000102
?_USBCtrlEPServiceComplete               param1       000106
?_USBCtrlTrfInHandler                    param1       000105
?_USBCtrlTrfOutHandler                   param1       000105
?_USBCtrlTrfRxService                    param1       000106
?_USBCtrlTrfSetupHandler                 param1       000105
?_USBCtrlTrfTxService                    param1       000107
?_USBDeviceInit                          param1       000102
?_USBDeviceTasks                         param1       000100
?_USBEnableEndpoint                      param1       000113
?_USBPrepareForNextSetupTrf              param1       000107
?_USBStallHandler                        param1       000102
?_USBStdFeatureReqHandler                param1       000107
?_USBStdGetDscHandler                    param1       000107
?_USBStdGetStatusHandler                 param1       000107
?_USBStdSetCfgHandler                    param1       000107
?_USBSuspend                             param1       000102
?_USBTransferOnePacket                   param1       000113
?_USBWakeFromSuspend                     param1       000102
?_USER_USB_CALLBACK_EVENT_HANDLER        param1       000108
?___lwdiv                                param1       000120
?_main                                   param1       000100
?_memset                                 param1       000108
F3961                                    (abs)        000029
USBConfigureEndpoint@EPNum               param1       000119
USBConfigureEndpoint@direction           param1       00011A
USBConfigureEndpoint@handle              param1       00011C
USBConfigureEndpoint@workaround          param1       00011B
USBCtrlEPService@setup_cnt               param1       000102
USBCtrlTrfInHandler@lastDTS              param1       000105
USBCtrlTrfRxService@byteToRead           param1       000106
USBCtrlTrfRxService@i                    param1       000107
USBCtrlTrfTxService@byteToSend           param1       000107
USBDeviceInit@i                          param1       000102
USBDeviceTasks@i                         param1       000100
USBEnableEndpoint@ep                     param1       000113
USBEnableEndpoint@options                param1       000114
USBEnableEndpoint@p                      param1       000115
USBPrepareForNextSetupTrf@p              param1       000107
USBStdFeatureReqHandler@p                param1       000109
USBStdFeatureReqHandler@pUEP             param1       000107
USBStdGetStatusHandler@p                 param1       000107
USBTransferOnePacket@data                param1       000115
USBTransferOnePacket@dir                 param1       000114
USBTransferOnePacket@ep                  param1       000113
USBTransferOnePacket@handle              param1       000118
USBTransferOnePacket@len                 param1       000117
USER_USB_CALLBACK_EVENT_HANDLER@event    param1       000108
USER_USB_CALLBACK_EVENT_HANDLER@pdata    param1       00010A
USER_USB_CALLBACK_EVENT_HANDLER@size     param1       00010C
_ADCON1                                  (abs)        000FC1
_BDT                                     (abs)        000400
_BothEP0OutUOWNsSet                      (abs)        000027
_CtrlTrfData                             (abs)        000520
_InitialiseSystem                        text3        00221E
_PIR2bits                                (abs)        000FA1
_PKTDIS                                  (abs)        007B6C
_PORTA                                   (abs)        000F80
_PORTB                                   (abs)        000F81
_PORTC                                   (abs)        000F82
_PORTD                                   (abs)        000F83
_PORTE                                   (abs)        000F84
_ProcessIO                               text2        001894
_ProcessIO$1535                          param1       000100
_RB0                                     (abs)        007C08
_RB1                                     (abs)        007C09
_RB2                                     (abs)        007C0A
_RESUME                                  (abs)        007B6A
_ReceivedDataBuffer                      (abs)        000480
_RemoteWakeup                            (abs)        000028
_SE0                                     (abs)        007B6D
_SUSPND                                  (abs)        007B69
_SetupPkt                                (abs)        000500
_TRISA                                   (abs)        000F92
_TRISB                                   (abs)        000F93
_TRISC                                   (abs)        000F94
_TRISD                                   (abs)        000F95
_TRISE                                   (abs)        000F96
_ToSendDataBuffer                        (abs)        0004C0
_UADDR                                   (abs)        000F6E
_UCFG                                    (abs)        000F6F
_UCON                                    (abs)        000F6D
_UCONbits                                (abs)        000F6D
_UEIE                                    (abs)        000F6B
_UEIR                                    (abs)        000F6A
_UEP0                                    (abs)        000F70
_UEP0bits                                (abs)        000F70
_UEP1                                    (abs)        000F71
_UIE                                     (abs)        000F69
_UIEbits                                 (abs)        000F69
_UIR                                     (abs)        000F68
_UIRbits                                 (abs)        000F68
_USBActiveConfiguration                  (abs)        00001B
_USBAlternateInterface                   (abs)        000022
_USBCBCheckOtherReq                      text23       00239A
_USBCBErrorHandler                       text29       0023A0
_USBCBInitEP                             text25       002138
_USBCBStdSetDscHandler                   text24       0023A6
_USBCBSuspend                            text28       0023A8
_USBCBWakeFromSuspend                    text27       0023A2
_USBCB_SOF_Handler                       text26       0023A4
_USBCheckHIDRequest                      text32       000F52
_USBCheckStdRequest                      text13       001660
_USBConfigureEndpoint                    text33       001BAA
_USBCtrlEPService                        text6        0013EA
_USBCtrlEPServiceComplete                text15       000B7A
_USBCtrlTrfInHandler                     text11       001C9C
_USBCtrlTrfOutHandler                    text9        0021AC
_USBCtrlTrfRxService                     text14       0010E0
_USBCtrlTrfSetupHandler                  text10       001FA8
_USBCtrlTrfTxService                     text18       001266
_USBDeviceInit                           text7        00177C
_USBDeviceState                          (abs)        00001D
_USBDeviceTasks                          text1        0008C6
_USBEnableEndpoint                       text30       002036
_USBInData                               (abs)        00002B
_USBInHandle                             (abs)        000030
_USBInMaxPacketSize                      (abs)        00002E
_USBOutHandle                            (abs)        000020
_USBPrepareForNextSetupTrf               text12       0020BC
_USBStallHandler                         text5        00226E
_USBStdFeatureReqHandler                 text17       000DA0
_USBStdGetDscHandler                     text16       00152C
_USBStdGetStatusHandler                  text20       001AAC
_USBStdSetCfgHandler                     text19       001E4E
_USBSuspend                              text4        00234E
_USBTransferOnePacket                    text31       0019AC
_USBWakeFromSuspend                      text8        0022BE
_USB_CD_Ptr                              smallconst   0008C1
_USB_SD_Ptr                              smallconst   0008B7
_USER_USB_CALLBACK_EVENT_HANDLER         text22       001F0A
_USTAT                                   (abs)        000F6C
_USTATcopy                               (abs)        00001C
__Bnvbit                                 nvbit        000033
__Brbit                                  rbit         000033
__HRAM                                   (abs)        000000
__Habsbss0                               (abs)        000032
__Habsbss1                               (abs)        000508
__Habsbss2                               (abs)        000528
__Habsbss3                               (abs)        000533
__Habsbss4                               (abs)        000573
__Habsbss5                               (abs)        000F7F
__Hbigbss                                bigbss       000573
__Hbigdata                               bigdata      000573
__Hbss                                   bss          000033
__Hclrtext                               clrtext      0008C6
__Hconfig                                config       30000E
__Hconst                                 const        0008C4
__Hdata                                  data         0008C6
__Hdata0                                 (abs)        000033
__Heeprom_data                           eeprom_data  F00000
__Hend_init                              end_init     000082
__Hfarbss                                farbss       000000
__Hfardata                               fardata      000000
__Hibigdata                              ibigdata     0008C6
__Hidata                                 idata        0008C5
__Hidloc                                 idloc        200000
__Hifardata                              ifardata     0008C6
__Hinit                                  init         00005A
__Hintcode                               intcode      000000
__Hintcodelo                             intcodelo    000000
__Hintentry                              intentry     0008C6
__Hintret                                intret       0008C6
__Hintsave_regs                          intsave_regs 000573
__Hirdata                                irdata       0008C6
__Hmediumconst                           mediumconst  0008C4
__Hnvbit                                 nvbit        000198
__Hnvram                                 nvram        0008C6
__Hnvrram                                nvrram       000033
__Hparam                                 param1       000128
__Hparam0                                param0       0008C6
__Hparam1                                param1       000128
__Hparam2                                param2       0008C6
__Hparam3                                param3       0008C6
__Hparam4                                param4       0008C6
__Hparam5                                param5       0008C6
__Hparam6                                param6       0008C6
__Hparam7                                param7       0008C6
__Hpowerup                               powerup      000000
__Hramtop                                ramtop       000800
__Hrbit                                  rbit         000198
__Hrbss                                  rbss         000033
__Hrdata                                 rdata        000033
__Hreset_vec                             reset_vec    000000
__Hrparam                                rparam       0008C6
__Hsmallconst                            smallconst   0008C4
__Hstruct                                struct       000033
__Htemp                                  temp         000033
__Htext                                  text         0008C6
__Htext0                                 text0        0008C6
__Htext1                                 text1        0008C6
__Htext10                                text10       0008C6
__Htext11                                text11       0008C6
__Htext12                                text12       0008C6
__Htext13                                text13       0008C6
__Htext14                                text14       0008C6
__Htext15                                text15       0008C6
__Htext16                                text16       0008C6
__Htext17                                text17       0008C6
__Htext18                                text18       0008C6
__Htext19                                text19       0008C6
__Htext2                                 text2        0008C6
__Htext20                                text20       0008C6
__Htext21                                text21       0008C6
__Htext22                                text22       0008C6
__Htext23                                text23       0008C6
__Htext24                                text24       0008C6
__Htext25                                text25       0008C6
__Htext26                                text26       0008C6
__Htext27                                text27       0008C6
__Htext28                                text28       0008C6
__Htext29                                text29       0008C6
__Htext3                                 text3        0008C6
__Htext30                                text30       0008C6
__Htext31                                text31       0008C6
__Htext32                                text32       0008C6
__Htext33                                text33       0008C6
__Htext34                                text34       0008C6
__Htext35                                text35       0008C6
__Htext4                                 text4        0008C6
__Htext5                                 text5        0008C6
__Htext6                                 text6        0008C6
__Htext7                                 text7        0008C6
__Htext8                                 text8        0008C6
__Htext9                                 text9        0008C6
__LRAM                                   (abs)        000001
__Labsbss0                               (abs)        000000
__Labsbss1                               (abs)        000400
__Labsbss2                               (abs)        000520
__Labsbss3                               (abs)        000530
__Labsbss4                               (abs)        000570
__Labsbss5                               (abs)        000F70
__Lbigbss                                bigbss       000573
__Lbigdata                               bigdata      000573
__Lbss                                   bss          000033
__Lclrtext                               clrtext      0008C6
__Lconfig                                config       300000
__Lconst                                 const        0008C4
__Ldata                                  (abs)        000032
__Ldata0                                 (abs)        000032
__Leeprom_data                           eeprom_data  F00000
__Lend_init                              end_init     00005A
__Lfarbss                                farbss       000000
__Lfardata                               fardata      000000
__Libigdata                              ibigdata     0008C6
__Lidata                                 idata        0008C4
__Lidloc                                 idloc        200000
__Lifardata                              ifardata     0008C6
__Linit                                  init         000000
__Lintcode                               intcode      000000
__Lintcodelo                             intcodelo    000000
__Lintentry                              intentry     0008C6
__Lintret                                intret       0008C6
__Lintsave_regs                          intsave_regs 000573
__Lirdata                                irdata       0008C6
__Lmediumconst                           mediumconst  0008C4
__Lnvbit                                 nvbit        000198
__Lnvram                                 nvram        0008C6
__Lnvrram                                nvrram       000033
__Lparam                                 param1       000100
__Lparam0                                param0       0008C6
__Lparam1                                param1       000100
__Lparam2                                param2       0008C6
__Lparam3                                param3       0008C6
__Lparam4                                param4       0008C6
__Lparam5                                param5       0008C6
__Lparam6                                param6       0008C6
__Lparam7                                param7       0008C6
__Lpowerup                               powerup      000000
__Lramtop                                ramtop       000800
__Lrbit                                  rbit         000198
__Lrbss                                  rbss         000033
__Lrdata                                 rdata        000033
__Lreset_vec                             reset_vec    000000
__Lrparam                                rparam       0008C6
__Lsmallconst                            smallconst   000800
__Lstruct                                struct       000033
__Ltemp                                  temp         000033
__Ltext                                  text         0008C6
__Ltext0                                 text0        0008C6
__Ltext1                                 text1        0008C6
__Ltext10                                text10       0008C6
__Ltext11                                text11       0008C6
__Ltext12                                text12       0008C6
__Ltext13                                text13       0008C6
__Ltext14                                text14       0008C6
__Ltext15                                text15       0008C6
__Ltext16                                text16       0008C6
__Ltext17                                text17       0008C6
__Ltext18                                text18       0008C6
__Ltext19                                text19       0008C6
__Ltext2                                 text2        0008C6
__Ltext20                                text20       0008C6
__Ltext21                                text21       0008C6
__Ltext22                                text22       0008C6
__Ltext23                                text23       0008C6
__Ltext24                                text24       0008C6
__Ltext25                                text25       0008C6
__Ltext26                                text26       0008C6
__Ltext27                                text27       0008C6
__Ltext28                                text28       0008C6
__Ltext29                                text29       0008C6
__Ltext3                                 text3        0008C6
__Ltext30                                text30       0008C6
__Ltext31                                text31       0008C6
__Ltext32                                text32       0008C6
__Ltext33                                text33       0008C6
__Ltext34                                text34       0008C6
__Ltext35                                text35       0008C6
__Ltext4                                 text4        0008C6
__Ltext5                                 text5        0008C6
__Ltext6                                 text6        0008C6
__Ltext7                                 text7        0008C6
__Ltext8                                 text8        0008C6
__Ltext9                                 text9        0008C6
__S0                                     (abs)        F00000
__S1                                     (abs)        000700
__USB_DESCRIPTOR                         (abs)        000400
__USB_ENDPOINT                           (abs)        000F70
___lwdiv                                 text34       001D7E
___lwdiv@counter                         param1       000124
___lwdiv@dividend                        param1       000120
___lwdiv@divisor                         param1       000122
___lwdiv@quotient                        param1       000125
__accesstop                              (abs)        000060
__activetblptr                           (abs)        000002
__config1                                (abs)        00F4DB
__config2                                (abs)        00FEDF
__config3                                (abs)        00FDFF
__config4                                (abs)        00FFFB
__config5                                (abs)        00FFFF
__config6                                (abs)        00FFFF
__config7                                (abs)        00FFFF
__end_of_InitialiseSystem                text3        00226E
__end_of_ProcessIO                       text2        0019AC
__end_of_USBCBCheckOtherReq              text23       0023A0
__end_of_USBCBErrorHandler               text29       0023A2
__end_of_USBCBInitEP                     text25       0021AC
__end_of_USBCBStdSetDscHandler           text24       0023A8
__end_of_USBCBSuspend                    text28       0023AA
__end_of_USBCBWakeFromSuspend            text27       0023A4
__end_of_USBCB_SOF_Handler               text26       0023A6
__end_of_USBCheckHIDRequest              text32       0010E0
__end_of_USBCheckStdRequest              text13       00177C
__end_of_USBConfigureEndpoint            text33       001C9C
__end_of_USBCtrlEPService                text6        00152C
__end_of_USBCtrlEPServiceComplete        text15       000DA0
__end_of_USBCtrlTrfInHandler             text11       001D7E
__end_of_USBCtrlTrfOutHandler            text9        00221E
__end_of_USBCtrlTrfRxService             text14       001266
__end_of_USBCtrlTrfSetupHandler          text10       002036
__end_of_USBCtrlTrfTxService             text18       0013EA
__end_of_USBDeviceInit                   text7        001894
__end_of_USBDeviceTasks                  text1        000B7A
__end_of_USBEnableEndpoint               text30       0020BC
__end_of_USBPrepareForNextSetupTrf       text12       002138
__end_of_USBStallHandler                 text5        0022BE
__end_of_USBStdFeatureReqHandler         text17       000F52
__end_of_USBStdGetDscHandler             text16       001660
__end_of_USBStdGetStatusHandler          text20       001BAA
__end_of_USBStdSetCfgHandler             text19       001F0A
__end_of_USBSuspend                      text4        002384
__end_of_USBTransferOnePacket            text31       001AAC
__end_of_USBWakeFromSuspend              text8        002306
__end_of_USER_USB_CALLBACK_EVENT_HANDLER text22       001FA8
__end_of___lwdiv                         text34       001E4E
__end_of_main                            text0        00239A
__end_of_memset                          text21       00234E
__mediumconst                            mediumconst  0008C4
__ramtop                                 ramtop       000800
__smallconst                             smallconst   000800
_active_protocol                         (abs)        000025
_blinkStatusValid                        (abs)        000032
_configDescriptor1                       smallconst   00085F
_controlTransferState                    (abs)        000024
_device_dsc                              smallconst   0008A5
_exit                                    init         000000
_hid_report_in                           (abs)        000570
_hid_report_out                          (abs)        000530
_hid_rpt01                               smallconst   000888
_idle_rate                               (abs)        000026
_inPipes                                 (abs)        000000
_main                                    text0        002384
_memset                                  text21       002306
_outPipes                                (abs)        000006
_pBDTEntryEP0OutCurrent                  (abs)        000015
_pBDTEntryEP0OutNext                     (abs)        000013
_pBDTEntryIn                             (abs)        00000F
_pBDTEntryOut                            (abs)        000017
_pDst                                    (abs)        00001E
_sd000                                   smallconst   0008BD
_sd001                                   smallconst   000801
_sd002                                   smallconst   000835
_shortPacketStatus                       (abs)        000023
intlevel0                                text         0023AA
intlevel1                                text         0023AA
intlevel2                                text         0023AA
intlevel3                                text         0023AA
memset@c                                 param1       00010A
memset@n                                 param1       00010C
memset@p                                 param1       00010E
memset@p1                                param1       000108
start                                    init         000000
